<script src="//cdn/bad-pkg/1.0.0/bad-pkg.js"></script>
