<!DOCTYPE html>
<html lang="en">
<head>
	<meta charset="utf-8">
	<title></title>
	<script>function cdnizerLoad(u) {document.write('<scr'+'ipt src="'+encodeURIComponent(u)+'"></scr'+'ipt>');}</script><link href="http://netdna.bootstrapcdn.com/font-awesome/3.2.1/css/font-awesome.css" rel="stylesheet">
	<link rel="stylesheet" href="//examplecdn/css/main.css">
</head>
<body>
<h1>Hello World</h1>
<script src="//ajax.googleapis.com/ajax/libs/angularjs/1.2.10/angular.min.js"></script><script>if(!(window.angular)) cdnizerLoad("../js/vendor/angular/angular.min.js");</script>
<script src="//examplecdn/js/vendor/firebase/firebase.js"></script>
<script src="//examplecdn/js/vendor/angularfire/angularfire.js"></script>
<script src="//examplecdn/js/app/app.js"></script>
<img data-src="//examplecdn/img/pretty.jpg" />
</body>
</html>
