<!DOCTYPE html>
<html lang="en">
<head>
	<meta charset="utf-8">
	<title></title>
	<link href="http://netdna.bootstrapcdn.com/font-awesome/3.2.1/css/font-awesome.css"
	      rel="stylesheet">
	<link rel="stylesheet"
	      href="//examplecdn/css/main.css">
</head>
<body>
<h1>Hello World</h1>
<script
	src="//examplecdn/js/vendor/angular/angular.min.js"
	></script>
<script     ign="ignored"
	src="//examplecdn/js/vendor/firebase/firebase.js"></script>
<script src="//examplecdn/js/vendor/angularfire/angularfire.js"></script>
<script src="//examplecdn/js/app/app.js">
	</script>
<img
	data-src="//examplecdn/img/pretty.jpg"
	/>
<img  width="20"
	src="//examplecdn/img/more.gif"
	/>
</body>
</html>
