<!doctype html><html><head><title>Foo</title><script src=//examplecdn/js/all.js></script><link rel=stylesheet href=//examplecdn/css/all.css><body><img src=//examplecdn/img/fabulous.jpg>
