<!DOCTYPE html>
<html lang="en">
<head>
	<meta charset="utf-8">
	<title></title>
	<link href="http://netdna.bootstrapcdn.com/font-awesome/3.2.1/css/font-awesome.css" rel="stylesheet">
	<link rel="stylesheet" href="http://examplecdn/css/main.css">
</head>
<body>
<h1>Hello World</h1>
<script src="http://examplecdn/js/vendor/angular/angular.min.js"></script>
<script src="http://examplecdn/js/vendor/firebase/firebase.js"></script>
<script src="http://examplecdn/js/vendor/angularfire/angularfire.js"></script>
<script src="http://examplecdn/js/app/app.js"></script>
<img data-src="img/pretty.jpg" />
</body>
</html>
