<!DOCTYPE html>
<html lang="en">
<head>
	<meta charset="utf-8">
	<title></title>
<script>function cdnizerLoad(u) {document.write('<scr'+'ipt src="'+encodeURIComponent(u)+'"></scr'+'ipt>');}</script></head>
<body>
<h1>Hello World</h1>
<script src="js/vendor/angular/angular.min.js"></script>
<script src="js/vendor/jquery/jquery.js"></script>
<script src="//ajax.googleapis.com/ajax/libs/jqueryui/4.4.4/jquery-ui.min.js"></script><script>if(!(jQuery.ui)) cdnizerLoad("js/vendor/custom/jquery-ui-foo.js");</script>
<script src="js/vendor/dojo/dojo/dojo.js"></script>
<script src="js/app/app.js"></script>
<img data-src="img/pretty.jpg" />
</body>
</html>
